// Jest Snapshot v1, https://goo.gl/fbAQLP

exports[`Education renders the Education component unchanged. 1`] = `
<div>
  <div
    class="container"
    data-testid="education-component"
  >
    <div
      class="tcl-title"
      data-testid="title"
    >
      <h1
        style="font-size: 2vw; margin-top: 7.5%;"
      >
        Education
      </h1>
    </div>
    <div
      class="tcl-card"
      data-testid="card"
      style="height: auto; margin-top: auto; max-width: 100%;"
    >
      <div
        class="tcl-card__content"
        data-testid="card-content"
      >
        <div
          class="tcl-title"
          data-testid="title"
        >
          <h1
            style="font-size: 1.25vw;"
          >
            BSc (Hons) COMPUTING
          </h1>
        </div>
        <div
          class="tcl-title"
          data-testid="title"
        >
          <h1
            style="font-size: 1vw; text-transform: uppercase;"
          >
            Manchester Metropolitan University
          </h1>
        </div>
        <div
          class="tcl-title"
          data-testid="title"
        >
          <h1
            style="font-size: .75vw; text-transform: uppercase;"
          >
            September '11 - June '16
          </h1>
        </div>
        <div
          class="tcl-card"
          data-testid="card"
          style="height: auto; margin-top: 1vw; max-width: 100%;"
        >
          <div
            class="tcl-card__content"
            data-testid="card-content"
          >
            <div
              class="tcl-title"
              data-testid="title"
            >
              <h1
                style="font-size: 1vw; text-transform: uppercase;"
              >
                The Brooksbank School and Sixth Form
              </h1>
            </div>
            <div
              class="tcl-title"
              data-testid="title"
            >
              <h1
                style="font-size: .75vw; text-transform: uppercase;"
              >
                September '03 - June '10
              </h1>
            </div>
            <div
              class="tcl-text"
              data-testid="text"
            >
              <p
                style="font-size: .75vw; margin-left: auto; margin-right: auto;"
              >
                A-level's: Information technology, Geography
              </p>
            </div>
            <div
              class="tcl-text"
              data-testid="text"
            >
              <p
                style="font-size: .75vw; margin-left: auto; margin-right: auto;"
              >
                AS-level's: Business studies, Physical education
              </p>
            </div>
            <div
              class="tcl-text"
              data-testid="text"
            >
              <p
                style="font-size: .75vw; margin-left: auto; margin-right: auto;"
              >
                GCSE's: 10 [A-C]
              </p>
            </div>
          </div>
        </div>
      </div>
    </div>
  </div>
</div>
`;
