// Jest Snapshot v1, https://goo.gl/fbAQLP

exports[`Education renders the Education component unchanged. 1`] = `
<div>
  <div
    class="container"
    data-testid="education-component"
  >
    <h2
      class="title"
      data-testid="education-title"
    >
      Education
    </h2>
    <div
      class="tcl-card"
      data-testid="card"
      style="height: auto; margin-top: auto; max-width: 100%;"
    >
      <div
        class="tcl-card__content"
        data-testid="card-content"
      >
        <h3
          class="course"
          data-testid="education-course"
        >
          BSc (Hons) COMPUTING
        </h3>
        <h4
          class="faculty"
          data-testid="education-faculty"
        >
          Manchester Metropolitan University
        </h4>
        <h5
          class="tenure"
          data-testid="education-tenure"
        >
          September '11 - June '16
        </h5>
        <div
          class="tcl-card"
          data-testid="card"
          style="height: auto; margin-top: 1vw; max-width: 100%;"
        >
          <div
            class="tcl-card__content"
            data-testid="card-content"
          >
            <h4
              class="faculty"
              data-testid="education-faculty"
            >
              The Brooksbank School and Sixth Form
            </h4>
            <h5
              class="tenure"
              data-testid="education-tenure"
            >
              September '03 - June '10
            </h5>
            <p
              class="grades"
              data-testid="education-grades"
            >
              A-level's: Information technology, Geography
              <br />
              AS-level's: Business studies, Physical education
              <br />
              GCSE's: 10 [A-C]
            </p>
          </div>
        </div>
      </div>
    </div>
  </div>
</div>
`;
