// Jest Snapshot v1, https://goo.gl/fbAQLP

exports[`Skills renders the Skills component unchanged. 1`] = `
<div>
  <div
    data-testid="skills-component"
  >
    <h2
      class="title"
      data-testid="skills-title"
    >
      Skills
    </h2>
    <ul
      class="skills"
      data-testid="skills-list"
    >
      <li
        data-testid="technical-skill"
      >
        <p>
          React
        </p>
      </li>
      <li
        data-testid="technical-skill"
      >
        <p>
          TypeScript
        </p>
      </li>
      <li
        data-testid="technical-skill"
      >
        <p>
          CI/CD
        </p>
      </li>
      <li
        data-testid="technical-skill"
      >
        <p>
          AWS
        </p>
      </li>
      <li
        data-testid="technical-skill"
      >
        <p>
          Azure
        </p>
      </li>
      <li
        data-testid="technical-skill"
      >
        <p>
          TDD
        </p>
      </li>
      <li
        data-testid="technical-skill"
      >
        <p>
          GitHub
        </p>
      </li>
      <li
        data-testid="technical-skill"
      >
        <p>
          Jest
        </p>
      </li>
      <li
        data-testid="technical-skill"
      >
        <p>
          Cypress
        </p>
      </li>
      <li
        data-testid="technical-skill"
      >
        <p>
          Terraform
        </p>
      </li>
      <li
        data-testid="technical-skill"
      >
        <p>
          Docker
        </p>
      </li>
      <li
        data-testid="technical-skill"
      >
        <p>
          C#
        </p>
      </li>
      <li
        data-testid="technical-skill"
      >
        <p>
          Golang
        </p>
      </li>
      <li
        data-testid="soft-skill"
      >
        <p>
          Communication
        </p>
      </li>
      <li
        data-testid="soft-skill"
      >
        <p>
          Iniative
        </p>
      </li>
      <li
        data-testid="soft-skill"
      >
        <p>
          Leadership
        </p>
      </li>
      <li
        data-testid="soft-skill"
      >
        <p>
          Problem solving
        </p>
      </li>
      <li
        data-testid="soft-skill"
      >
        <p>
          Teamwork
        </p>
      </li>
    </ul>
  </div>
</div>
`;
